 katar@Owais-MiBook MINGW64 ~/Documents
$ git init
Reinitialized existing Git repository in C:/Users/user/Documents/.git/

katar@Owais-MiBook MINGW64 ~/Documents
$ git add feature1.txt

katar@Owais-MiBook MINGW64 ~/Documents
$ git add feature.txt

katar@Owais-MiBook MINGW64 ~/Documents
$ git commit - "feature1 and feature"
error: pathspec '-' did not match any file(s) known to git
error: pathspec 'feature1 and feature' did not match any file(s) known to git

katar@Owais-MiBook MINGW64 ~/Documents
$ git commit -m "feature1 and feature"
[master (root-commit) 42d2f17] feature1 and feature
 2 files changed, 0 insertions(+), 0 deletions(-)
 create mode 100644 feature.txt
 create mode 100644 feature1.txt

katar@Owais-MiBook MINGW64 ~/Documents
$ git bra…
[4:18 PM, 8/10/2023] OwaeesKataria: katar@Owais-MiBook MINGW64 ~/Documents
$ git init
Reinitialized existing Git repository in C:/Users/user/Documents/.git/

katar@Owais-MiBook MINGW64 ~/Documents
$ git status
On branch master

No commits yet

Changes to be committed:
  (use "git rm --cached <file>..." to unstage)
        new file:   Code.txt

Untracked files:
  (use "git add <file>..." to include in what will be committed)
        Log.txt
        Output.txt

katar@Owais-MiBook MINGW64 ~/Documents
$ git add output.txt

katar@Owais-MiBook MINGW64 ~/Documents
$ git status
On branch master

No commits yet

Changes to be committed:
  (use "git rm --cached <file>..." to unstage)
        new file:   Code.txt

Untracked files:
  (use "git add <file>..." to include in what will be committed)
        Log.txt
        Output.txt

katar@Owais-MiBook MINGW64 ~/Documents
$ git add Output.txt

katar@Owais-MiBook MINGW64 ~/Documents
$ git status
On branch master

No commits yet

Changes to be committed:
  (use "git rm --cached <file>..." to unstage)
        new file:   Code.txt
        new file:   Output.txt

Untracked files:
  (use "git add <file>..." to include in what will be committed)
        Log.txt

katar@Owais-MiBook MINGW64 ~/Documents
$ git commit -m "change for Code and Output"
[master (root-commit) c0022fc] change for Code and Output
 2 files changed, 0 insertions(+), 0 deletions(-)
 create mode 100644 Code.txt
 create mode 100644 Output.txt

katar@Owais-MiBook MINGW64 ~/Documents
$ git push origin master
fatal: 'origin' does not appear to be a git repository
fatal: Could not read from remote repository.

Please make sure you have the correct access rights
and the repository exists.

katar@Owais-MiBook MINGW64 ~/Documents
$ git remote add origin https://github.com/OwaeesKataria/Java.git

katar@Owais-MiBook MINGW64 ~/Documents
$ git push origin master
info: please complete authentication in your browser...
Enumerating objects: 3, done.
Counting objects: 100% (3/3), done.
Delta compression using up to 4 threads
Compressing objects: 100% (2/2), done.
Writing objects: 100% (3/3), 238 bytes | 238.00 KiB/s, done.
Total 3 (delta 0), reused 0 (delta 0), pack-reused 0
remote:
remote: Create a pull request for 'master' on GitHub by visiting:
remote:      https://github.com/OwaeesKataria/Java.git/pull/new/master
remote:
To https://github.com/OwaeesKataria/Java.git
 * [new branch]      master -> master